// Jest Snapshot v1, https://goo.gl/fbAQLP

exports[`should logging an error from the "fs.mkdir" method when the "writeToDisk" option is "true"  should logging 1`] = `
Array [
  Array [
    "webpack-dev-middleware",
    "error",
    Array [
      "ERROR",
    ],
  ],
]
`;

exports[`should logging an error from the "fs.writeFile" method when the "writeToDisk" option is "true"  should logging 1`] = `
Array [
  Array [
    "webpack-dev-middleware",
    "error",
    Array [
      "ERROR",
    ],
  ],
]
`;

exports[`should logging an error in "watch" method should logging on startup 1`] = `
Array [
  Array [
    "webpack-dev-middleware",
    "error",
    Array [
      "ERROR",
    ],
  ],
]
`;
